../Core/Src/bms_app.c:55:6:BMS_App_Init	4	static
../Core/Src/bms_app.c:79:6:BMS_App_UpdateVoltages	24	static
../Core/Src/bms_app.c:147:6:BMS_App_UpdateTemperatureInputs	24	static
../Core/Src/bms_app.c:198:13:BMS_App_InitializeCurrentSense	32	static
../Core/Src/bms_app.c:213:6:BMS_App_UpdateCurrent	16	static
../Core/Src/bms_app.c:267:6:BMS_App_SetExternalMeasurements	24	static
../Core/Src/bms_app.c:280:6:BMS_App_UpdateCoulombCount	32	static
../Core/Src/bms_app.c:363:6:BMS_App_SetSocReference	16	static
../Core/Src/bms_app.c:392:6:BMS_App_UpdateSoc	16	static
../Core/Src/bms_app.c:434:6:BMS_App_UpdateAll	16	static
../Core/Src/bms_app.c:441:6:BMS_App_CheckVoltageFaults	16	static
../Core/Src/bms_app.c:490:5:BMS_App_FormatTelemetry	256	static
../Core/Src/bms_app.c:592:26:BMS_App_GetVoltageData	4	static
../Core/Src/bms_app.c:593:30:BMS_App_GetTemperatureData	4	static
../Core/Src/bms_app.c:594:26:BMS_App_GetCurrentData	4	static
../Core/Src/bms_app.c:595:26:BMS_App_GetCoulombData	4	static
../Core/Src/bms_app.c:596:22:BMS_App_GetSocData	4	static
../Core/Src/bms_app.c:597:24:BMS_App_GetFaultData	4	static
