../Core/Src/main.c:91:5:main	280	static
../Core/Src/main.c:255:6:SystemClock_Config	88	static
../Core/Src/main.c:302:13:MX_ADC1_Init	24	static
../Core/Src/main.c:354:13:MX_SPI2_Init	8	static
../Core/Src/main.c:392:13:MX_TIM1_Init	32	static
../Core/Src/main.c:438:13:MX_USART2_UART_Init	8	static
../Core/Src/main.c:471:13:MX_GPIO_Init	48	static
../Core/Src/main.c:542:6:StartDefaultTask	16	static
../Core/Src/main.c:563:6:HAL_TIM_PeriodElapsedCallback	16	static
../Core/Src/main.c:581:6:Error_Handler	4	static,ignoring_inline_asm
